// Vitest Snapshot v1, https://vitest.dev/guide/snapshot.html

exports[`listRsvps and commitmentsFor > commitmentsFor 1`] = `
[
  {
    "displayName": "Big Dave",
    "emoji": "🐻",
    "id": "<uuid-1>",
    "rating": 66,
  },
  {
    "displayName": "Jonty",
    "emoji": "🎩",
    "id": "<uuid-2>",
    "rating": 69,
  },
  {
    "displayName": "Kaggy",
    "emoji": "🐆",
    "id": "<uuid-3>",
    "rating": 71,
  },
  {
    "displayName": "Leo",
    "emoji": "🦁",
    "id": "<uuid-4>",
    "rating": 72.5,
  },
  {
    "displayName": "Marco",
    "emoji": "🍕",
    "id": "<uuid-5>",
    "rating": 67.5,
  },
  {
    "displayName": "Ndu",
    "emoji": "🌟",
    "id": "<uuid-6>",
    "rating": 68.5,
  },
  {
    "displayName": "Ollie",
    "emoji": "🦅",
    "id": "<uuid-7>",
    "rating": 63,
  },
  {
    "displayName": "Pieter",
    "emoji": "🧤",
    "id": "<uuid-8>",
    "rating": 70,
  },
  {
    "displayName": "Ruan",
    "emoji": "🧱",
    "id": "<uuid-9>",
    "rating": 64.5,
  },
  {
    "displayName": "Sipho",
    "emoji": "⚡",
    "id": "<uuid-10>",
    "rating": 78,
  },
  {
    "displayName": "Thabo",
    "emoji": "🚀",
    "id": "<uuid-11>",
    "rating": 75.5,
  },
]
`;

exports[`listRsvps and commitmentsFor > listRsvps 1`] = `
[
  {
    "display_name": "Big Dave",
    "emoji": "🐻",
    "fixture_id": "<uuid-1>",
    "in_since": "<timestamp>",
    "is_waitlisted": false,
    "player_id": "<uuid-2>",
    "promoted_at": null,
    "rating": 66,
    "responded_at": "<timestamp>",
    "squad_position": 3,
    "status": "in",
  },
  {
    "display_name": "Craig",
    "emoji": "🐢",
    "fixture_id": "<uuid-1>",
    "in_since": null,
    "is_waitlisted": false,
    "player_id": "<uuid-3>",
    "promoted_at": null,
    "rating": 60,
    "responded_at": "<timestamp>",
    "squad_position": null,
    "status": "out",
  },
  {
    "display_name": "Gaz",
    "emoji": "🪃",
    "fixture_id": "<uuid-1>",
    "in_since": null,
    "is_waitlisted": false,
    "player_id": "<uuid-4>",
    "promoted_at": null,
    "rating": 62,
    "responded_at": "<timestamp>",
    "squad_position": null,
    "status": "maybe",
  },
  {
    "display_name": "Jonty",
    "emoji": "🎩",
    "fixture_id": "<uuid-1>",
    "in_since": "<timestamp>",
    "is_waitlisted": false,
    "player_id": "<uuid-5>",
    "promoted_at": null,
    "rating": 69,
    "responded_at": "<timestamp>",
    "squad_position": 5,
    "status": "in",
  },
  {
    "display_name": "Kaggy",
    "emoji": "🐆",
    "fixture_id": "<uuid-1>",
    "in_since": "<timestamp>",
    "is_waitlisted": false,
    "player_id": "<uuid-6>",
    "promoted_at": null,
    "rating": 71,
    "responded_at": "<timestamp>",
    "squad_position": 7,
    "status": "in",
  },
  {
    "display_name": "Leo",
    "emoji": "🦁",
    "fixture_id": "<uuid-1>",
    "in_since": "<timestamp>",
    "is_waitlisted": false,
    "player_id": "<uuid-7>",
    "promoted_at": null,
    "rating": 72.5,
    "responded_at": "<timestamp>",
    "squad_position": 1,
    "status": "in",
  },
  {
    "display_name": "Marco",
    "emoji": "🍕",
    "fixture_id": "<uuid-1>",
    "in_since": "<timestamp>",
    "is_waitlisted": false,
    "player_id": "<uuid-8>",
    "promoted_at": null,
    "rating": 67.5,
    "responded_at": "<timestamp>",
    "squad_position": 8,
    "status": "in",
  },
  {
    "display_name": "Ndu",
    "emoji": "🌟",
    "fixture_id": "<uuid-1>",
    "in_since": "<timestamp>",
    "is_waitlisted": false,
    "player_id": "<uuid-9>",
    "promoted_at": null,
    "rating": 68.5,
    "responded_at": "<timestamp>",
    "squad_position": 10,
    "status": "in",
  },
  {
    "display_name": "Ollie",
    "emoji": "🦅",
    "fixture_id": "<uuid-1>",
    "in_since": "<timestamp>",
    "is_waitlisted": false,
    "player_id": "<uuid-10>",
    "promoted_at": null,
    "rating": 63,
    "responded_at": "<timestamp>",
    "squad_position": 11,
    "status": "in",
  },
  {
    "display_name": "Pieter",
    "emoji": "🧤",
    "fixture_id": "<uuid-1>",
    "in_since": "<timestamp>",
    "is_waitlisted": false,
    "player_id": "<uuid-11>",
    "promoted_at": null,
    "rating": 70,
    "responded_at": "<timestamp>",
    "squad_position": 9,
    "status": "in",
  },
  {
    "display_name": "Ruan",
    "emoji": "🧱",
    "fixture_id": "<uuid-1>",
    "in_since": "<timestamp>",
    "is_waitlisted": false,
    "player_id": "<uuid-12>",
    "promoted_at": null,
    "rating": 64.5,
    "responded_at": "<timestamp>",
    "squad_position": 6,
    "status": "in",
  },
  {
    "display_name": "Shaun",
    "emoji": "🦈",
    "fixture_id": "<uuid-1>",
    "in_since": null,
    "is_waitlisted": false,
    "player_id": "<uuid-13>",
    "promoted_at": null,
    "rating": 65.5,
    "responded_at": "<timestamp>",
    "squad_position": null,
    "status": "maybe",
  },
  {
    "display_name": "Sipho",
    "emoji": "⚡",
    "fixture_id": "<uuid-1>",
    "in_since": "<timestamp>",
    "is_waitlisted": false,
    "player_id": "<uuid-14>",
    "promoted_at": null,
    "rating": 78,
    "responded_at": "<timestamp>",
    "squad_position": 2,
    "status": "in",
  },
  {
    "display_name": "Thabo",
    "emoji": "🚀",
    "fixture_id": "<uuid-1>",
    "in_since": "<timestamp>",
    "is_waitlisted": false,
    "player_id": "<uuid-15>",
    "promoted_at": null,
    "rating": 75.5,
    "responded_at": "<timestamp>",
    "squad_position": 4,
    "status": "in",
  },
  {
    "display_name": "Themba",
    "emoji": "🔥",
    "fixture_id": "<uuid-1>",
    "in_since": null,
    "is_waitlisted": false,
    "player_id": "<uuid-16>",
    "promoted_at": null,
    "rating": 74,
    "responded_at": "<timestamp>",
    "squad_position": null,
    "status": "maybe",
  },
  {
    "display_name": "Yusuf",
    "emoji": "🌊",
    "fixture_id": "<uuid-1>",
    "in_since": null,
    "is_waitlisted": false,
    "player_id": "<uuid-17>",
    "promoted_at": null,
    "rating": 66.5,
    "responded_at": "<timestamp>",
    "squad_position": null,
    "status": "out",
  },
]
`;

exports[`shapeOf > is pure arithmetic over the fixture's own limits 1`] = `
{
  "playersPerTeam": 8,
  "subsPerTeam": 3,
}
`;

exports[`shapeOf > scales with a smaller game 1`] = `
{
  "playersPerTeam": 5,
  "subsPerTeam": 1,
}
`;

exports[`silentPlayers > lists active players who have not answered 1`] = `[]`;
